eyJhbGciOiJIUzI1NiIsInR5cCI6IkpXVCJ9.eyJpZCI6NjAsImJhc2VMYW5ndWFnZSI6InpoLUhhbnMiLCJpYXQiOjE3NzcxNDg5MjIsImV4cCI6MTc3OTc0MDkyMn0.XU4DcmcKAZRvdqS-NGmC5ehsSP_YvG27MqnApHfKLXA

  curl -X GET "http://localhost:1338/api/flashcard-stat" \
    -H "Authorization: Bearer eyJhbGciOiJIUzI1NiIsInR5cCI6IkpXVCJ9.eyJpZCI6NjAsImJhc2VMYW5ndWFnZSI6InpoLUhhbnMiLCJpYXQiOjE3NzcxNDg5MjIsImV4cCI6MTc3OTc0MDkyMn0.XU4DcmcKAZRvdqS-NGmC5ehsSP_YvG27MqnApHfKLXA" | jq .


  curl -X GET "http://localhost:1338/api/my-user-points" \
    -H "Authorization: Bearer eyJhbGciOiJIUzI1NiIsInR5cCI6IkpXVCJ9.eyJpZCI6NjAsImJhc2VMYW5ndWFnZSI6InpoLUhhbnMiLCJpYXQiOjE3NzcxNDg5MjIsImV4cCI6MTc3OTc0MDkyMn0.XU4DcmcKAZRvdqS-NGmC5ehsSP_YvG27MqnApHfKLXA" | jq .




curl -X POST http://localhost:1338/api/auth/local \
  -H "Content-Type: application/json" \
  -d '{     "identifier": "chinese2@langgo.ca",    "password": "Passw0rd"  }' | jq .

curl -X GET "http://localhost:1338/api/proficiency-levels?locale=zh-Hans"


curl -X GET "http://localhost:1338/api/flashcard-stat" \
    -H "Authorization: Bearer eyJhbGciOiJIUzI1NiIsInR5cCI6IkpXVCJ9.eyJpZCI6NjAsImJhc2VMYW5ndWFnZSI6InpoLUhhbnMiLCJpYXQiOjE3NzcyNjAyNDMsImV4cCI6MTc3OTg1MjI0M30.TOAJU2_INLUuue3rSgXFZ6srCAUCbAtIuRUcZjzBis4" | jq .


curl -X GET http://localhost:1338/api/article-tags \
    -H "Authorization: Bearer eyJhbGciOiJIUzI1NiIsInR5cCI6IkpXVCJ9.eyJpZCI6NjAsImJhc2VMYW5ndWFnZSI6InpoLUhhbnMiLCJpYXQiOjE3NzcyNjAyNDMsImV4cCI6MTc3OTg1MjI0M30.TOAJU2_INLUuue3rSgXFZ6srCAUCbAtIuRUcZjzBis4" | jq .


curl -X GET http://localhost:1338/api/user-articles \
    -H "Authorization: Bearer eyJhbGciOiJIUzI1NiIsInR5cCI6IkpXVCJ9.eyJpZCI6NjAsImJhc2VMYW5ndWFnZSI6InpoLUhhbnMiLCJpYXQiOjE3NzcyNjAyNDMsImV4cCI6MTc3OTg1MjI0M30.TOAJU2_INLUuue3rSgXFZ6srCAUCbAtIuRUcZjzBis4" | jq .



curl -X GET https://langgo-en-strapi.geniusparentingai.ca/api/proficiency-levels



curl -X POST http://localhost:1338/api/auth/local \
  -H "Content-Type: application/json" \
  -d '{     "identifier": "vivian",    "password": "123456"  }' | jq .


eyJhbGciOiJIUzI1NiIsInR5cCI6IkpXVCJ9.eyJpZCI6OCwiYmFzZUxhbmd1YWdlIjoiemgiLCJpYXQiOjE3NzczNTU1MjMsImV4cCI6MTc3OTk0NzUyM30.L_35Haj0eGJKzGX6VkZh21nAbtwFTzidV2wlpoAFN8A

curl -X 'GET' \
  'http://localhost:1338/api/flashcard-stat' \
  -H 'accept: application/json' \
    -H "Authorization: Bearer eyJhbGciOiJIUzI1NiIsInR5cCI6IkpXVCJ9.eyJpZCI6OCwiYmFzZUxhbmd1YWdlIjoiemgiLCJpYXQiOjE3NzczNTU1MjMsImV4cCI6MTc3OTk0NzUyM30.L_35Haj0eGJKzGX6VkZh21nAbtwFTzidV2wlpoAFN8A" | jq .

curl -X 'POST' http://localhost:1338/api/flashcard-stats/rebuild-all
  -H 'accept: application/json' \
    -H "Authorization: Bearer eyJhbGciOiJIUzI1NiIsInR5cCI6IkpXVCJ9.eyJpZCI6OCwiYmFzZUxhbmd1YWdlIjoiemgiLCJpYXQiOjE3NzczNTU1MjMsImV4cCI6MTc3OTk0NzUyM30.L_35Haj0eGJKzGX6VkZh21nAbtwFTzidV2wlpoAFN8A" | jq .


curl -X GET http://localhost:1338/api/rank/users/60 \
  -H 'accept: application/json' \
  -H "Authorization: Bearer eyJhbGciOiJIUzI1NiIsInR5cCI6IkpXVCJ9.eyJpZCI6OCwiYmFzZUxhbmd1YWdlIjoiemgiLCJpYXQiOjE3NzczNTU1MjMsImV4cCI6MTc3OTk0NzUyM30.L_35Haj0eGJKzGX6VkZh21nAbtwFTzidV2wlpoAFN8A" | jq .



curl -X GET "http://localhost:1338/api/rank/me" \
  -H 'accept: application/json' \
  -H "Authorization: Bearer eyJhbGciOiJIUzI1NiIsInR5cCI6IkpXVCJ9.eyJpZCI6NjAsImJhc2VMYW5ndWFnZSI6InpoLUhhbnMiLCJpYXQiOjE3Nzc1MzM0MzUsImV4cCI6MTc4MDEyNTQzNX0.VyMRJ7BYqY826fytRSsIpM73jmtJfLEMAJCxa--vfGs" \
  | jq .




curl -X GET "http://localhost:1338/api/rank/users/60?locale=zh" \
  -H 'accept: application/json' \
  -H "Authorization: Bearer eyJhbGciOiJIUzI1NiIsInR5cCI6IkpXVCJ9.eyJpZCI6OCwiYmFzZUxhbmd1YWdlIjoiemgiLCJpYXQiOjE3NzczNTU1MjMsImV4cCI6MTc3OTk0NzUyM30.L_35Haj0eGJKzGX6VkZh21nAbtwFTzidV2wlpoAFN8A" | jq .

{
  "data": {
    "latest_snapshot": {
      "id": 8,
      "userid": "60",
      "record_date": "2026-04-30",
      "total_points": 224,
      "points_add": 3,
      "word_count": 19,
      "word_add": 0,
      "article_count": 11,
      "article_add": 0,
      "level_no": 1,
      "level_change": 0,
      "level_title": "幼儿园小班",
      "group_id": 1,
      "group_no": 1,
      "group_rank": 1,
      "group_rank_title": "起步者",
      "group_rank_change": 0
    }
  }
}


curl X GET "http://localhost:1338/api/user-articles?filters%5Buser%5D%5Bid%5D%5B$eq%5D=60&fields%5B0%5D=title&fields%5B1%5D=content&fields%5B2%5D=language_code&fields%5B3%5D=word_count&fields%5B4%5D=progress&fields%5B5%5D=last_read_at&populate%5Barticle_tags%5D%5Bfields%5D%5B0%5D=tag&sort=updatedAt:desc&pagination%5Bpage%5D=1&pagination%5BpageSize%5D=3" \
  -H 'accept: application/json' \
  -H "Authorization: Bearer eyJhbGciOiJIUzI1NiIsInR5cCI6IkpXVCJ9.eyJpZCI6OCwiYmFzZUxhbmd1YWdlIjoiemgiLCJpYXQiOjE3NzczNTU1MjMsImV4cCI6MTc3OTk0NzUyM30.L_35Haj0eGJKzGX6VkZh21nAbtwFTzidV2wlpoAFN8A" | jq .


curl X GET "http://localhost:1338/api/review-flashcards" \
  -H 'accept: application/json' \
  -H "Authorization: Bearer eyJhbGciOiJIUzI1NiIsInR5cCI6IkpXVCJ9.eyJpZCI6NjAsImJhc2VMYW5ndWFnZSI6InpoLUhhbnMiLCJpYXQiOjE3Nzc2MTU2NzYsImV4cCI6MTc4MDIwNzY3Nn0.H8P7gCx3ESBd9SaXQpB0eUBCXA2JPngaObLW7Ab6SYI" | jq .


